
> sporthub-backend@0.0.0 test
> vitest --run


[1m[30m[46m RUN [49m[39m[22m [36mv4.1.4 [39m[90mC:/Users/info/Desktop/VIZSGAREMEK_FM_DD-main/backend[39m

 [32mÔťô[39m test/services/adminService.test.js [2m([22m[2m9 tests[22m[2m)[22m[32m 31[2mms[22m[39m
 [31mÔŁ»[39m test/services/registrationsService.test.js [2m([22m[2m11 tests[22m[2m | [22m[31m1 failed[39m[2m)[22m[32m 46[2mms[22m[39m
       [32mÔťô[39m Visszaadja a felhaszn├íl├│ regisztr├íci├│it[32m 12[2mms[22m[39m
       [32mÔťô[39m Visszaad ├╝res t├Âmb├Ât, ha nincs regisztr├íci├│[32m 1[2mms[22m[39m
[31m       [31m├Ś[31m Sikeresen l├ętrehoz ├║j regisztr├íci├│t[39m[32m 16[2mms[22m[39m
       [32mÔťô[39m Hib├ít ad vissza, ha m├ír regisztr├ílt a felhaszn├íl├│ erre a sportra[32m 2[2mms[22m[39m
       [32mÔťô[39m Null ├ęrt├ęket ad vissza, ha nem tal├ílja az ├║j regisztr├íci├│t[32m 1[2mms[22m[39m
       [32mÔťô[39m Sikeresen felmondja a regisztr├íci├│t[32m 2[2mms[22m[39m
       [32mÔťô[39m Visszaad hamis ├ęrt├ęket, ha a regisztr├íci├│ nem tal├ílhat├│[32m 1[2mms[22m[39m
       [32mÔťô[39m Visszaad hamis ├ęrt├ęket, ha az update sikertelen[32m 1[2mms[22m[39m
       [32mÔťô[39m Visszaadja a regisztr├íci├│t a felhaszn├íl├│hoz[32m 2[2mms[22m[39m
       [32mÔťô[39m Null ├ęrt├ęket ad vissza, ha a regisztr├íci├│ nem tal├ílhat├│[32m 2[2mms[22m[39m
       [32mÔťô[39m Null ├ęrt├ęket ad vissza, ha a regisztr├íci├│ nem a felhaszn├íl├│hoz tartozik[32m 1[2mms[22m[39m
 [32mÔťô[39m test/services/favoritesService.test.js [2m([22m[2m8 tests[22m[2m)[22m[32m 33[2mms[22m[39m
 [32mÔťô[39m test/services/authService.test.js [2m([22m[2m12 tests[22m[2m)[22m[32m 30[2mms[22m[39m
 [31mÔŁ»[39m test/services/sportsService.test.js [2m([22m[2m8 tests[22m[2m | [22m[31m3 failed[39m[2m)[22m[32m 51[2mms[22m[39m
       [32mÔťô[39m Visszaadja az ├Âsszes sportlehet┼Ĺs├ęget[32m 15[2mms[22m[39m
       [32mÔťô[39m Visszaad ├╝res t├Âmb├Ât, ha nincsenek sportlehet┼Ĺs├ęgek[32m 1[2mms[22m[39m
       [32mÔťô[39m Visszaadja a sportlehet┼Ĺs├ęget ID alapj├ín[32m 2[2mms[22m[39m
       [32mÔťô[39m Visszaad null ├ęrt├ęket, ha a sport nem tal├ílhat├│[32m 1[2mms[22m[39m
[31m       [31m├Ś[31m Visszaad igaz ├ęrt├ęket, ha a sport l├ętezik[39m[32m 23[2mms[22m[39m
       [32mÔťô[39m Visszaad hamis ├ęrt├ęket, ha a sport nem l├ętezik[32m 1[2mms[22m[39m
[31m       [31m├Ś[31m Megtal├ílja a l├ętez┼Ĺ kateg├│ri├ít[39m[32m 2[2mms[22m[39m
[31m       [31m├Ś[31m L├ętrehoz ├║j kateg├│ri├ít, ha nem l├ętezik[39m[32m 1[2mms[22m[39m
 [32mÔťô[39m test/routes/auth.test.js [2m([22m[2m8 tests[22m[2m)[22m[32m 31[2mms[22m[39m
node.exe : 
At line:1 char:1
+ & "C:\Program Files\nodejs/node.exe" "C:\Program Files\nodejs/node_mo ...
+ ~~~~~~~~~~~~~~~~~~~~~~~~~~~~~~~~~~~~~~~~~~~~~~~~~~~~~~~~~~~~~~~~~~~~~
    + CategoryInfo          : NotSpecified: (:String) [], RemoteException
    + FullyQualifiedErrorId : NativeCommandError
 
[31mÔÄ»ÔÄ»ÔÄ»ÔÄ»ÔÄ»ÔÄ»ÔÄ»[39m[1m[41m Failed Tests 4 [49m[22m[31mÔÄ»ÔÄ»ÔÄ
»ÔÄ»ÔÄ»ÔÄ»ÔÄ»[39m

[41m[1m FAIL [22m[49m test/services/registrationsService.test.js[2m > [22
mRegistrations Service[2m > [22mcreateRegistration[2m > [22mSikeresen l├ętr
ehoz ├║j regisztr├íci├│t
[31m[1mAssertionError[22m: expected "vi.fn()" to be called with arguments: [
 StringContaining{ÔÇŽ}, ÔÇŽ(1) ][90m

Received:

[1m  1st vi.fn() call:

[22m[2m  [[22m
[32m-   StringContaining "INSERT INTO jelentkezes",[90m
[31m+   "INSERT INTO jelentkezes (felhasznalo_id, sportlehetoseg_id, allapot, 
jelentkezes_idopont)[90m
[31m+        VALUES (?, ?, 'aktiv', NOW())",[90m
[2m    [[22m
[2m      10,[22m
[2m      5,[22m
[32m-     "aktiv",[90m
[32m-     Anything,[90m
[2m    ],[22m
[2m  ][22m
[31m[90m

Number of calls: [1m1[22m
[31m[39m
[36m [2mÔŁ»[22m test/services/registrationsService.test.js:[2m71:26[22m[3
9m
    [90m 69|[39m
    [90m 70|[39m       [34mexpect[39m(result)[33m.[39m[34mtoEqual[39m(m
ockRegistration)[33m;[39m
    [90m 71|[39m       [34mexpect[39m(db[33m.[39mexecute)[33m.[39m[34m
toHaveBeenCalledWith[39m(
    [90m   |[39m                          [31m^[39m
    [90m 72|[39m         expect[33m.[39m[34mstringContaining[39m([32m'IN
SERT INTO jelentkezes'[39m)[33m,[39m
    [90m 73|[39m         [[34m10[39m[33m,[39m [34m5[39m[33m,[39m [32
m'aktiv'[39m[33m,[39m expect[33m.[39m[34manything[39m()]

[31m[2mÔÄ»ÔÄ»ÔÄ»ÔÄ»ÔÄ»ÔÄ»ÔÄ»ÔÄ»ÔÄ»ÔÄ»ÔÄ»ÔÄ»ÔÄ»ÔÄ»ÔÄ»ÔÄ»ÔÄ»ÔÄ»ÔÄ»ÔÄ»ÔÄ»ÔÄ»ÔÄ»Ô
Ä»[1/4]ÔÄ»[22m[39m

[41m[1m FAIL [22m[49m test/services/sportsService.test.js[2m > [22mSports
 Service[2m > [22msportExists[2m > [22mVisszaad igaz ├ęrt├ęket, ha a sport 
l├ętezik
[31m[1mAssertionError[22m: expected "vi.fn()" to be called with arguments: [
 StringContaining{ÔÇŽ}, [ 1 ] ][90m

Received:

[1m  1st vi.fn() call:

[22m[2m  [[22m
[32m-   StringContaining "SELECT id FROM sportlehetosegek WHERE id = ?",[90m
[31m+   "SELECT id[90m
[31m+      FROM sportlehetosegek[90m
[31m+      WHERE id = ?[90m
[31m+      LIMIT 1",[90m
[2m    [[22m
[2m      1,[22m
[2m    ],[22m
[2m  ][22m
[31m[90m

Number of calls: [1m1[22m
[31m[39m
[36m [2mÔŁ»[22m test/services/sportsService.test.js:[2m109:24[22m[39m
    [90m107|[39m
    [90m108|[39m       [34mexpect[39m(result)[33m.[39m[34mtoBe[39m([35
mtrue[39m)[33m;[39m
    [90m109|[39m       [34mexpect[39m(db[33m.[39mquery)[33m.[39m[34mto
HaveBeenCalledWith[39m(
    [90m   |[39m                        [31m^[39m
    [90m110|[39m         expect.stringContaining('SELECT id FROM sportlehetos
egek WHEREÔÇŽ
    [90m111|[39m         [[34m1[39m]

[31m[2mÔÄ»ÔÄ»ÔÄ»ÔÄ»ÔÄ»ÔÄ»ÔÄ»ÔÄ»ÔÄ»ÔÄ»ÔÄ»ÔÄ»ÔÄ»ÔÄ»ÔÄ»ÔÄ»ÔÄ»ÔÄ»ÔÄ»ÔÄ»ÔÄ»ÔÄ»ÔÄ»Ô
Ä»[2/4]ÔÄ»[22m[39m

[41m[1m FAIL [22m[49m test/services/sportsService.test.js[2m > [22mSports
 Service[2m > [22mgetOrCreateCategoryId[2m > [22mMegtal├ílja a l├ętez┼Ĺ kat
eg├│ri├ít
[31m[1mReferenceError[22m: jest is not defined[39m
[36m [2mÔŁ»[22m test/services/sportsService.test.js:[2m127:16[22m[39m
    [90m125|[39m     [34mit[39m([32m'Megtal├ílja a l├ętez┼Ĺ kateg├│ri├ít'
[39m[33m,[39m [35masync[39m () [33m=>[39m {
    [90m126|[39m       [35mconst[39m mockConnection [33m=[39m {
    [90m127|[39m         query[33m:[39m jest[33m.[39m[34mfn[39m()[33m.
[39m[34mmockResolvedValue[39m([[{ id[33m:[39m [34m5[39m }]])
    [90m   |[39m                [31m^[39m
    [90m128|[39m       }[33m;[39m
    [90m129|[39m

[31m[2mÔÄ»ÔÄ»ÔÄ»ÔÄ»ÔÄ»ÔÄ»ÔÄ»ÔÄ»ÔÄ»ÔÄ»ÔÄ»ÔÄ»ÔÄ»ÔÄ»ÔÄ»ÔÄ»ÔÄ»ÔÄ»ÔÄ»ÔÄ»ÔÄ»ÔÄ»ÔÄ»Ô
Ä»[3/4]ÔÄ»[22m[39m

[41m[1m FAIL [22m[49m test/services/sportsService.test.js[2m > [22mSports
 Service[2m > [22mgetOrCreateCategoryId[2m > [22mL├ętrehoz ├║j kateg├│ri├ít
, ha nem l├ętezik
[31m[1mReferenceError[22m: jest is not defined[39m
[36m [2mÔŁ»[22m test/services/sportsService.test.js:[2m141:16[22m[39m
    [90m139|[39m     [34mit[39m([32m'L├ętrehoz ├║j kateg├│ri├ít, ha nem l├
ętezik'[39m[33m,[39m [35masync[39m () [33m=>[39m {
    [90m140|[39m       [35mconst[39m mockConnection [33m=[39m {
    [90m141|[39m         query[33m:[39m jest[33m.[39m[34mfn[39m()
    [90m   |[39m                [31m^[39m
    [90m142|[39m           .mockResolvedValueOnce([[]]) // nem tal├ílja meg a
z els┼Ĺ kereÔÇŽ
    [90m143|[39m           .mockResolvedValueOnce([{ insertId: 10 }]) // inse
rt eredm├ęnÔÇŽ

[31m[2mÔÄ»ÔÄ»ÔÄ»ÔÄ»ÔÄ»ÔÄ»ÔÄ»ÔÄ»ÔÄ»ÔÄ»ÔÄ»ÔÄ»ÔÄ»ÔÄ»ÔÄ»ÔÄ»ÔÄ»ÔÄ»ÔÄ»ÔÄ»ÔÄ»ÔÄ»ÔÄ»Ô
Ä»[4/4]ÔÄ»[22m[39m


[2m Test Files [22m [1m[31m2 failed[39m[22m[2m | [22m[1m[32m4 passed[39m[22m[90m (6)[39m
[2m      Tests [22m [1m[31m4 failed[39m[22m[2m | [22m[1m[32m52 passed[39m[22m[90m (56)[39m
[2m   Start at [22m 12:16:26
[2m   Duration [22m 1.15s[2m (transform 886ms, setup 0ms, import 2.82s, tests 223ms, environment 3ms)[22m

